// Jest Snapshot v1, https://goo.gl/fbAQLP

exports[`UserModalContentMedia shallowly renders and matches snapshot 1`] = `
<WithStyles(ForwardRef(CardMedia))
  className="makeStyles-media-1"
  image="https://wwww.image.com/data/1"
  title="Mr John Doe photo"
/>
`;
