// Jest Snapshot v1, https://goo.gl/fbAQLP

exports[`UsersGridLayout shallowly renders and matches snapshot 1`] = `
<WithStyles(ForwardRef(Grid))
  alignItems="center"
  container={true}
  direction="row"
  justify="center"
  spacing={4}
>
  <WithStyles(ForwardRef(Grid))
    item={true}
    key="foobar"
    lg={2}
    md={3}
    sm={4}
    xs={6}
  >
    <Memo()
      onOpenModal={[MockFunction]}
      user={
        Object {
          "cell": "111-222-333",
          "email": "johndoe123@google.com",
          "id": Object {
            "value": "foobar",
          },
          "location": Object {
            "city": "Warsaw",
            "country": "Poland",
            "postcode": 56789,
            "state": "Masovian",
            "street": Object {
              "name": "Big Street",
              "number": 98,
            },
          },
          "login": Object {
            "username": "johndoe123",
          },
          "name": Object {
            "first": "John",
            "last": "Doe",
            "title": "Mr",
          },
          "phone": "000-111-222",
          "picture": Object {
            "large": "https://wwww.image.com/data/1",
          },
        }
      }
    />
  </WithStyles(ForwardRef(Grid))>
  <WithStyles(ForwardRef(Grid))
    item={true}
    key="foobaz"
    lg={2}
    md={3}
    sm={4}
    xs={6}
  >
    <Memo()
      onOpenModal={[MockFunction]}
      user={
        Object {
          "cell": "111-222-333",
          "email": "johndoe123@google.com",
          "id": Object {
            "value": "foobaz",
          },
          "location": Object {
            "city": "Warsaw",
            "country": "Poland",
            "postcode": 56789,
            "state": "Masovian",
            "street": Object {
              "name": "Big Street",
              "number": 98,
            },
          },
          "login": Object {
            "username": "johndoe123",
          },
          "name": Object {
            "first": "John",
            "last": "Doe",
            "title": "Mr",
          },
          "phone": "000-111-222",
          "picture": Object {
            "large": "https://wwww.image.com/data/1",
          },
        }
      }
    />
  </WithStyles(ForwardRef(Grid))>
</WithStyles(ForwardRef(Grid))>
`;
