// Jest Snapshot v1, https://goo.gl/fbAQLP

exports[`TopBarSearch shallowly renders and matches snapshot 1`] = `
<div
  className="makeStyles-search-1"
>
  <div
    className="makeStyles-searchIcon-2"
  >
    <SearchIcon />
  </div>
  <WithStyles(ForwardRef(InputBase))
    classes={
      Object {
        "input": "makeStyles-inputInput-4",
        "root": "makeStyles-inputRoot-3",
      }
    }
    disabled={false}
    inputProps={
      Object {
        "aria-label": "search",
      }
    }
    onChange={[MockFunction]}
    placeholder="Search by full name"
    value=""
  />
</div>
`;
