// Jest Snapshot v1, https://goo.gl/fbAQLP

exports[`InfoSnackbar shallowly renders and matches snapshot 1`] = `
<CommonSnackbar
  message="Hello world"
  open={true}
  severity="info"
/>
`;
